C51 COMPILER V9.60.0.0   MPU6050                                                           12/18/2021 23:35:17 PAGE 1   


C51 COMPILER V9.60.0.0, COMPILATION OF MODULE MPU6050
OBJECT MODULE PLACED IN .\Objects\mpu6050.obj
COMPILER INVOKED BY: C:\Keil_v5\C51\BIN\C51.EXE Library\mpu6050.c OPTIMIZE(8,SPEED) BROWSE INCDIR(.\Library;.\User;..\MP
                    -U6050_51) DEBUG OBJECTEXTEND PRINT(.\Listings\mpu6050.lst) TABS(2) OBJECT(.\Objects\mpu6050.obj)

line level    source

   1          #include "mpu6050.h"
   2          
   3          //****************************************
   4          //定义类型及变量
   5          //****************************************
   6          uchar dis[4];             //显示数字(-511至512)的字符数组
   7          int dis_data;           //变量
   8          
   9          
  10          //****************************************
  11          //延时
  12          //****************************************
  13          void delay(unsigned int k)
  14          {
  15   1        unsigned int i,j;
  16   1        for(i=0;i<k;i++)
  17   1        {
  18   2          for(j=0;j<121;j++);
  19   2        }
  20   1      }
  21          
  22          //**************************************
  23          //延时5微秒(STC90C52RC@12M)
  24          //不同的工作环境,需要调整此函数
  25          //当改用1T的MCU时,请调整此延时函数
  26          //**************************************
  27          //void Delay5us()
  28          //{
  29          //  _nop_();_nop_();_nop_();_nop_();
  30          //  _nop_();_nop_();_nop_();_nop_();
  31          //  _nop_();_nop_();_nop_();_nop_();
  32          //  _nop_();_nop_();_nop_();_nop_();
  33          //  _nop_();_nop_();_nop_();_nop_();
  34          //  _nop_();_nop_();_nop_();_nop_();
  35          //}
  36          
  37          //**************************************
  38          //延时5微秒(STC89C52RC@8M)
  39          //不同的工作环境,需要调整此函数
  40          //当改用1T的MCU时,请调整此延时函数
  41          //调用 2T
  42          //返回 2T
  43          //NOP  1T
  44          //一共 4T+1 = 5T
  45          //T = 1/(8M/12) = 1.5us
  46          //**************************************
  47          
  48          void Delay5us()
  49          {
  50   1        _nop_();
  51   1      }
  52          
  53          //**************************************
  54          //I2C起始信号
C51 COMPILER V9.60.0.0   MPU6050                                                           12/18/2021 23:35:17 PAGE 2   

  55          //**************************************
  56          void I2C_Start()
  57          {
  58   1          SDA = 1;                    //拉高数据线
  59   1          SCL = 1;                    //拉高时钟线
  60   1          Delay5us();                 //延时
  61   1          SDA = 0;                    //产生下降沿
  62   1          Delay5us();                 //延时
  63   1          SCL = 0;                    //拉低时钟线
  64   1      }
  65          //**************************************
  66          //I2C停止信号
  67          //**************************************
  68          void I2C_Stop()
  69          {
  70   1          SDA = 0;                    //拉低数据线
  71   1          SCL = 1;                    //拉高时钟线
  72   1          Delay5us();                 //延时
  73   1          SDA = 1;                    //产生上升沿
  74   1          Delay5us();                 //延时
  75   1      }
  76          //**************************************
  77          //I2C发送应答信号
  78          //入口参数:ack (0:ACK 1:NAK)
  79          //**************************************
  80          void I2C_SendACK(bit ack)
  81          {
  82   1          SDA = ack;                  //写应答信号
  83   1          SCL = 1;                    //拉高时钟线
  84   1          Delay5us();                 //延时
  85   1          SCL = 0;                    //拉低时钟线
  86   1          Delay5us();                 //延时
  87   1      }
  88          //**************************************
  89          //I2C接收应答信号
  90          //**************************************
  91          bit I2C_RecvACK()
  92          {
  93   1          SCL = 1;                    //拉高时钟线
  94   1          Delay5us();                 //延时
  95   1          CY = SDA;                   //读应答信号
  96   1          SCL = 0;                    //拉低时钟线
  97   1          Delay5us();                 //延时
  98   1          return CY;
  99   1      }
 100          //**************************************
 101          //向I2C总线发送一个字节数据
 102          //**************************************
 103          void I2C_SendByte(uchar dat)
 104          {
 105   1          uchar i;
 106   1          for (i=0; i<8; i++)         //8位计数器
 107   1          {
 108   2              dat <<= 1;              //移出数据的最高位
 109   2              SDA = CY;               //送数据口
 110   2              SCL = 1;                //拉高时钟线
 111   2              Delay5us();             //延时
 112   2              SCL = 0;                //拉低时钟线
 113   2              Delay5us();             //延时
 114   2          }
 115   1          I2C_RecvACK();
 116   1      }
C51 COMPILER V9.60.0.0   MPU6050                                                           12/18/2021 23:35:17 PAGE 3   

 117          //**************************************
 118          //从I2C总线接收一个字节数据
 119          //**************************************
 120          uchar I2C_RecvByte()
 121          {
 122   1          uchar i;
 123   1          uchar dat = 0;
 124   1          SDA = 1;                    //使能内部上拉,准备读取数据,
 125   1          for (i=0; i<8; i++)         //8位计数器
 126   1          {
 127   2              dat <<= 1;
 128   2              SCL = 1;                //拉高时钟线
 129   2              Delay5us();             //延时
 130   2              dat |= SDA;             //读数据
 131   2              SCL = 0;                //拉低时钟线
 132   2              Delay5us();             //延时
 133   2          }
 134   1          return dat;
 135   1      }
 136          
 137          /*-----------------MPU6050 API--------------------*/
 138          
 139          
 140          //**************************************
 141          //向I2C设备写入一个字节数据
 142          //**************************************
 143          void Single_WriteI2C(uchar REG_Address,uchar REG_data)
 144          {
 145   1          I2C_Start();                  //起始信号
 146   1          I2C_SendByte(SlaveAddress);   //发送设备地址+写信号
 147   1          I2C_SendByte(REG_Address);    //内部寄存器地址，
 148   1          I2C_SendByte(REG_data);       //内部寄存器数据，
 149   1          I2C_Stop();                   //发送停止信号
 150   1      }
 151          //**************************************
 152          //从I2C设备读取一个字节数据
 153          //**************************************
 154          uchar Single_ReadI2C(uchar REG_Address)
 155          {
 156   1        uchar REG_data;
 157   1        I2C_Start();                   //起始信号
 158   1        I2C_SendByte(SlaveAddress);    //发送设备地址+写信号
 159   1        I2C_SendByte(REG_Address);     //发送存储单元地址，从0开始
 160   1        I2C_Start();                   //起始信号
 161   1        I2C_SendByte(SlaveAddress+1);  //发送设备地址+读信号
 162   1        REG_data=I2C_RecvByte();       //读出寄存器数据
 163   1        I2C_SendACK(1);                //接收应答信号
 164   1        I2C_Stop();                    //停止信号
 165   1        return REG_data;
 166   1      }
 167          //**************************************
 168          //初始化MPU6050
 169          //**************************************
 170          void InitMPU6050()
 171          {
 172   1        Single_WriteI2C(PWR_MGMT_1, 0x00);  //解除休眠状态
 173   1        Single_WriteI2C(SMPLRT_DIV, 0x07);
 174   1        Single_WriteI2C(CONFIG, 0x06);
 175   1        Single_WriteI2C(GYRO_CONFIG, 0x18);
 176   1        Single_WriteI2C(ACCEL_CONFIG, 0x01);
 177   1      }
 178          //**************************************
C51 COMPILER V9.60.0.0   MPU6050                                                           12/18/2021 23:35:17 PAGE 4   

 179          //合成数据
 180          //**************************************
 181          int GetData(uchar REG_Address)
 182          {
 183   1        char H,L;
 184   1        H=Single_ReadI2C(REG_Address);
 185   1        L=Single_ReadI2C(REG_Address+1);
 186   1        return (H<<8)+L;   //合成数据
 187   1      }
 188          
 189          //**************************************
 190          //显示温度
 191          //**************************************
 192          //void display_temp()
 193          //{
 194          //  Temp_h=Single_ReadI2C(TEMP_OUT_H); //读取温度
 195          //  Temp_l=Single_ReadI2C(TEMP_OUT_L); //读取温度
 196          //  Temperature=Temp_h<<8|Temp_l;     //合成温度
 197          //  Temperature = 35+ ((double) (Temperature + 13200)) / 280; // 计算出温度
 198          //  lcd_printf(dis,Temperature);     //转换数据显示
 199          //  DisplayListChar(11,1,dis,4);     //启始列，行，显示数组，显示位数
 200          //}
 201          
 202          


MODULE INFORMATION:   STATIC OVERLAYABLE
   CODE SIZE        =    286    ----
   CONSTANT SIZE    =   ----    ----
   XDATA SIZE       =   ----    ----
   PDATA SIZE       =   ----    ----
   DATA SIZE        =      6    ----
   IDATA SIZE       =   ----    ----
   BIT SIZE         =   ----       1
END OF MODULE INFORMATION.


C51 COMPILATION COMPLETE.  0 WARNING(S),  0 ERROR(S)
